// Jest Snapshot v1, https://goo.gl/fbAQLP

exports[`Header should match Header snapshot 1`] = `
<DocumentFragment>
  <nav
    class="navbar navbar-expand-lg navbar-light fixed-top py-3 "
    id="mainNav"
  >
    <div
      class="container"
    >
      <div
        class="navbar-item"
      >
        <ul
          class="navbar-nav mr-auto my-2 my-lg-0"
        >
          <li
            class="nav-item"
          >
            <a
              class="nav-link nav-link-icon mx-2"
              href="https://instagram.com/thedchu"
            >
              <i
                aria-label="Instagram"
                class="fab fa-instagram"
              />
            </a>
          </li>
          <li
            class="nav-item"
          >
            <a
              class="nav-link nav-link-icon mx-2"
              href="https://linkedin.com/in/thedchu"
            >
              <i
                aria-label="LinkedIn"
                class="fab fa-linkedin-in"
              />
            </a>
          </li>
          <li
            class="nav-item"
          >
            <a
              class="nav-link nav-link-icon mx-2"
              href="https://github.com/thechu"
            >
              <i
                aria-label="Github"
                class="fab fa-github"
              />
            </a>
          </li>
          <li
            class="nav-item"
          >
            <a
              class="nav-link nav-link-icon mx-2"
              href="mailto:chu.david.a@gmail.com"
            >
              <i
                aria-label="Email"
                class="fas fa-envelope"
              />
            </a>
          </li>
        </ul>
      </div>
      <a
        class="navbar-brand navbar-item"
        href="/"
      >
        <svg
          aria-label="DChu"
          class="navbar-brand-logo"
          viewBox="0 0 1000 512"
        >
          <use
            href="test-file-stub#thedchu-logo"
          />
        </svg>
      </a>
      <div
        class="navbar-toggler-container"
      >
        <button
          aria-controls="navbarResponsive"
          aria-expanded="false"
          aria-label="Toggle navigation"
          class="navbar-toggler navbar-toggler-right collapsed"
          type="button"
        >
          <span
            class="navbar-toggler-icon"
          />
        </button>
      </div>
      <div
        class="collapse navbar-collapse "
        id="navbarResponsive"
      >
        <ul
          class="navbar-nav ml-auto my-2 my-lg-0"
        >
          <li
            class="nav-item"
          >
            <a
              class="nav-link"
              href="#about"
            >
              About
            </a>
          </li>
          <li
            class="nav-item"
          >
            <a
              class="nav-link"
              href="#photos"
            >
              Photos
            </a>
          </li>
        </ul>
      </div>
    </div>
  </nav>
</DocumentFragment>
`;
