// Jest Snapshot v1, https://goo.gl/fbAQLP

exports[`404 IndexPage should match 404 IndexPage snapshot 1`] = `
<DocumentFragment>
  <nav
    class="navbar navbar-expand-lg navbar-light fixed-top py-3 "
    id="mainNav"
  >
    <div
      class="container"
    >
      <div
        class="navbar-item"
      >
        <ul
          class="navbar-nav mr-auto my-2 my-lg-0"
        >
          <li
            class="nav-item"
          >
            <a
              class="nav-link nav-link-icon mx-2"
              href="https://instagram.com/thedchu"
            >
              <i
                aria-label="Instagram"
                class="fab fa-instagram"
              />
            </a>
          </li>
          <li
            class="nav-item"
          >
            <a
              class="nav-link nav-link-icon mx-2"
              href="https://linkedin.com/in/thedchu"
            >
              <i
                aria-label="LinkedIn"
                class="fab fa-linkedin-in"
              />
            </a>
          </li>
          <li
            class="nav-item"
          >
            <a
              class="nav-link nav-link-icon mx-2"
              href="https://github.com/thechu"
            >
              <i
                aria-label="Github"
                class="fab fa-github"
              />
            </a>
          </li>
          <li
            class="nav-item"
          >
            <a
              class="nav-link nav-link-icon mx-2"
              href="mailto:chu.david.a@gmail.com"
            >
              <i
                aria-label="Email"
                class="fas fa-envelope"
              />
            </a>
          </li>
        </ul>
      </div>
      <a
        class="navbar-brand navbar-item"
        href="/"
      >
        <svg
          aria-label="DChu"
          class="navbar-brand-logo"
          viewBox="0 0 1000 512"
        >
          <use
            href="test-file-stub#thedchu-logo"
          />
        </svg>
      </a>
      <div
        class="navbar-toggler-container"
      >
        <button
          aria-controls="navbarResponsive"
          aria-expanded="false"
          aria-label="Toggle navigation"
          class="navbar-toggler navbar-toggler-right collapsed"
          type="button"
        >
          <span
            class="navbar-toggler-icon"
          />
        </button>
      </div>
      <div
        class="collapse navbar-collapse "
        id="navbarResponsive"
      >
        <ul
          class="navbar-nav ml-auto my-2 my-lg-0"
        >
          <li
            class="nav-item"
          >
            <a
              class="nav-link"
              href="#about"
            >
              About
            </a>
          </li>
          <li
            class="nav-item"
          >
            <a
              class="nav-link"
              href="#photos"
            >
              Photos
            </a>
          </li>
        </ul>
      </div>
    </div>
  </nav>
  <header
    class="masthead gbi--1668593287-test-uuid"
    style="background-position: center; background-repeat: no-repeat; background-size: cover; position: relative; opacity: 0.99;"
  >
    <style>
      
          .masthead.gbi--1668593287-test-uuid:before,
          .masthead.gbi--1668593287-test-uuid:after {
            content: '';
            display: block;
            position: absolute;
            width: 100%;
            height: 100%;
            top: 0;
            left: 0;
            background-color: #040e18;
            transition: opacity 0.5s ease 250ms;
            background-position: center;
background-repeat: no-repeat;
background-size: cover;

          }
          .masthead.gbi--1668593287-test-uuid:before {
            z-index: -100;
            background-image: url(test-base64);
            
            opacity: 1; 
          }
          .masthead.gbi--1668593287-test-uuid:after {
            z-index: -101;
            
            background-image: url(test-base64);
            
          }
        
    </style>
    <div
      class="container h-100"
    >
      <div
        class="row h-100 align-items-center justify-content-center text-center"
      >
        <div
          class="col-lg-10 align-self-end"
        >
          <h1
            class="text-uppercase text-white font-weight-bold"
          >
            Page not found
          </h1>
          <hr
            class="divider my-4"
          />
        </div>
        <div
          class="col-lg-8 align-self-baseline"
        >
          <p
            class="text-white-75 font-weight-light mb-5"
          >
            Not a valid URL
          </p>
          <a
            class="btn btn-primary btn-xl js-scroll-trigger"
            href="/"
          >
            Go Home
          </a>
        </div>
      </div>
    </div>
  </header>
</DocumentFragment>
`;
